[30-Aug-2025 17:00:20 Europe/Berlin] [SistemaBots] Tableros recibidos: [1,2,3,4,5]
[30-Aug-2025 17:00:20 Europe/Berlin] [SistemaBots] Tablero seleccionado para Bot 2: {"bosque-semejanza":[],"trio-frondoso":[],"prado-diferencia":[],"pradera-amor":[],"isla-solitaria":[],"rey-selva":[],"dinos-rio":[]}
[30-Aug-2025 17:00:20 Europe/Berlin] [obtenerMovimientoBot][logic_error] ActiveRestrictions::filterZonesByDice(): Argument #2 ($boardState) must be of type array, stdClass given, called in C:\xampp\htdocs\proyecto\Draftosaurus\backend\ValidadorTablero.php on line 301\n#0 C:\xampp\htdocs\proyecto\Draftosaurus\backend\ValidadorTablero.php(301): ActiveRestrictions->filterZonesByDice('vacio', Object(stdClass), 1)
#1 C:\xampp\htdocs\proyecto\Draftosaurus\backend\SistemaBots.php(83): ValidadorTablero->obtenerZonasDisponibles(2, Object(stdClass))
#2 C:\xampp\htdocs\proyecto\Draftosaurus\backend\obtenerMovimientoBot.php(42): SistemaBots->decidirMovimientoBot(2, Object(stdClass))
#3 C:\xampp\htdocs\proyecto\Draftosaurus\backend\obtenerMovimientoBot.php(85): ejecutarMovimientoBotSeguro(2, Object(stdClass), 5)
#4 {main}
[30-Aug-2025 17:00:21 Europe/Berlin] [SistemaBots] Tableros recibidos: [1,2,3,4,5]
[30-Aug-2025 17:00:21 Europe/Berlin] [SistemaBots] Tablero seleccionado para Bot 3: {"bosque-semejanza":[],"trio-frondoso":[],"prado-diferencia":[],"pradera-amor":[],"isla-solitaria":[],"rey-selva":[],"dinos-rio":[]}
[30-Aug-2025 17:00:21 Europe/Berlin] [obtenerMovimientoBot][logic_error] ActiveRestrictions::filterZonesByDice(): Argument #2 ($boardState) must be of type array, stdClass given, called in C:\xampp\htdocs\proyecto\Draftosaurus\backend\ValidadorTablero.php on line 301\n#0 C:\xampp\htdocs\proyecto\Draftosaurus\backend\ValidadorTablero.php(301): ActiveRestrictions->filterZonesByDice('vacio', Object(stdClass), 1)
#1 C:\xampp\htdocs\proyecto\Draftosaurus\backend\SistemaBots.php(83): ValidadorTablero->obtenerZonasDisponibles(3, Object(stdClass))
#2 C:\xampp\htdocs\proyecto\Draftosaurus\backend\obtenerMovimientoBot.php(42): SistemaBots->decidirMovimientoBot(3, Object(stdClass))
#3 C:\xampp\htdocs\proyecto\Draftosaurus\backend\obtenerMovimientoBot.php(85): ejecutarMovimientoBotSeguro(3, Object(stdClass), 5)
#4 {main}
[30-Aug-2025 17:00:23 Europe/Berlin] [SistemaBots] Tableros recibidos: [1,2,3,4,5]
[30-Aug-2025 17:00:23 Europe/Berlin] [SistemaBots] Tablero seleccionado para Bot 4: {"bosque-semejanza":[],"trio-frondoso":[],"prado-diferencia":[],"pradera-amor":[],"isla-solitaria":[],"rey-selva":[],"dinos-rio":[]}
[30-Aug-2025 17:00:23 Europe/Berlin] [obtenerMovimientoBot][logic_error] ActiveRestrictions::filterZonesByDice(): Argument #2 ($boardState) must be of type array, stdClass given, called in C:\xampp\htdocs\proyecto\Draftosaurus\backend\ValidadorTablero.php on line 301\n#0 C:\xampp\htdocs\proyecto\Draftosaurus\backend\ValidadorTablero.php(301): ActiveRestrictions->filterZonesByDice('vacio', Object(stdClass), 1)
#1 C:\xampp\htdocs\proyecto\Draftosaurus\backend\SistemaBots.php(83): ValidadorTablero->obtenerZonasDisponibles(4, Object(stdClass))
#2 C:\xampp\htdocs\proyecto\Draftosaurus\backend\obtenerMovimientoBot.php(42): SistemaBots->decidirMovimientoBot(4, Object(stdClass))
#3 C:\xampp\htdocs\proyecto\Draftosaurus\backend\obtenerMovimientoBot.php(85): ejecutarMovimientoBotSeguro(4, Object(stdClass), 5)
#4 {main}
[30-Aug-2025 17:00:24 Europe/Berlin] [SistemaBots] Tableros recibidos: [1,2,3,4,5]
[30-Aug-2025 17:00:24 Europe/Berlin] [SistemaBots] Tablero seleccionado para Bot 5: {"bosque-semejanza":[],"trio-frondoso":[],"prado-diferencia":[],"pradera-amor":[],"isla-solitaria":[],"rey-selva":[],"dinos-rio":[]}
[30-Aug-2025 17:00:24 Europe/Berlin] [obtenerMovimientoBot][logic_error] ActiveRestrictions::filterZonesByDice(): Argument #2 ($boardState) must be of type array, stdClass given, called in C:\xampp\htdocs\proyecto\Draftosaurus\backend\ValidadorTablero.php on line 301\n#0 C:\xampp\htdocs\proyecto\Draftosaurus\backend\ValidadorTablero.php(301): ActiveRestrictions->filterZonesByDice('vacio', Object(stdClass), 1)
#1 C:\xampp\htdocs\proyecto\Draftosaurus\backend\SistemaBots.php(83): ValidadorTablero->obtenerZonasDisponibles(5, Object(stdClass))
#2 C:\xampp\htdocs\proyecto\Draftosaurus\backend\obtenerMovimientoBot.php(42): SistemaBots->decidirMovimientoBot(5, Object(stdClass))
#3 C:\xampp\htdocs\proyecto\Draftosaurus\backend\obtenerMovimientoBot.php(85): ejecutarMovimientoBotSeguro(5, Object(stdClass), 5)
#4 {main}
[30-Aug-2025 17:01:25 Europe/Berlin] [SistemaBots] Tableros recibidos: [1,2,3,4,5]
[30-Aug-2025 17:01:25 Europe/Berlin] [SistemaBots] Tablero seleccionado para Bot 2: {"bosque-semejanza":[],"trio-frondoso":[],"prado-diferencia":[],"pradera-amor":[],"isla-solitaria":[],"rey-selva":[],"dinos-rio":[]}
[30-Aug-2025 17:01:25 Europe/Berlin] [obtenerMovimientoBot][logic_error] ActiveRestrictions::filterZonesByDice(): Argument #2 ($boardState) must be of type array, stdClass given, called in C:\xampp\htdocs\proyecto\Draftosaurus\backend\ValidadorTablero.php on line 301\n#0 C:\xampp\htdocs\proyecto\Draftosaurus\backend\ValidadorTablero.php(301): ActiveRestrictions->filterZonesByDice('bosque', Object(stdClass), 1)
#1 C:\xampp\htdocs\proyecto\Draftosaurus\backend\SistemaBots.php(83): ValidadorTablero->obtenerZonasDisponibles(2, Object(stdClass))
#2 C:\xampp\htdocs\proyecto\Draftosaurus\backend\obtenerMovimientoBot.php(42): SistemaBots->decidirMovimientoBot(2, Object(stdClass))
#3 C:\xampp\htdocs\proyecto\Draftosaurus\backend\obtenerMovimientoBot.php(85): ejecutarMovimientoBotSeguro(2, Object(stdClass), 5)
#4 {main}
[30-Aug-2025 17:01:26 Europe/Berlin] [SistemaBots] Tableros recibidos: [1,2,3,4,5]
[30-Aug-2025 17:01:26 Europe/Berlin] [SistemaBots] Tablero seleccionado para Bot 3: {"bosque-semejanza":[],"trio-frondoso":[],"prado-diferencia":[],"pradera-amor":[],"isla-solitaria":[],"rey-selva":[],"dinos-rio":[]}
[30-Aug-2025 17:01:26 Europe/Berlin] [obtenerMovimientoBot][logic_error] ActiveRestrictions::filterZonesByDice(): Argument #2 ($boardState) must be of type array, stdClass given, called in C:\xampp\htdocs\proyecto\Draftosaurus\backend\ValidadorTablero.php on line 301\n#0 C:\xampp\htdocs\proyecto\Draftosaurus\backend\ValidadorTablero.php(301): ActiveRestrictions->filterZonesByDice('bosque', Object(stdClass), 1)
#1 C:\xampp\htdocs\proyecto\Draftosaurus\backend\SistemaBots.php(83): ValidadorTablero->obtenerZonasDisponibles(3, Object(stdClass))
#2 C:\xampp\htdocs\proyecto\Draftosaurus\backend\obtenerMovimientoBot.php(42): SistemaBots->decidirMovimientoBot(3, Object(stdClass))
#3 C:\xampp\htdocs\proyecto\Draftosaurus\backend\obtenerMovimientoBot.php(85): ejecutarMovimientoBotSeguro(3, Object(stdClass), 5)
#4 {main}
[30-Aug-2025 17:01:29 Europe/Berlin] [SistemaBots] Tableros recibidos: [1,2,3,4,5]
[30-Aug-2025 17:01:29 Europe/Berlin] [SistemaBots] Tablero seleccionado para Bot 4: {"bosque-semejanza":[],"trio-frondoso":[],"prado-diferencia":[],"pradera-amor":[],"isla-solitaria":[],"rey-selva":[],"dinos-rio":[]}
[30-Aug-2025 17:01:29 Europe/Berlin] [obtenerMovimientoBot][logic_error] ActiveRestrictions::filterZonesByDice(): Argument #2 ($boardState) must be of type array, stdClass given, called in C:\xampp\htdocs\proyecto\Draftosaurus\backend\ValidadorTablero.php on line 301\n#0 C:\xampp\htdocs\proyecto\Draftosaurus\backend\ValidadorTablero.php(301): ActiveRestrictions->filterZonesByDice('bosque', Object(stdClass), 1)
#1 C:\xampp\htdocs\proyecto\Draftosaurus\backend\SistemaBots.php(83): ValidadorTablero->obtenerZonasDisponibles(4, Object(stdClass))
#2 C:\xampp\htdocs\proyecto\Draftosaurus\backend\obtenerMovimientoBot.php(42): SistemaBots->decidirMovimientoBot(4, Object(stdClass))
#3 C:\xampp\htdocs\proyecto\Draftosaurus\backend\obtenerMovimientoBot.php(85): ejecutarMovimientoBotSeguro(4, Object(stdClass), 5)
#4 {main}
[30-Aug-2025 17:01:30 Europe/Berlin] [SistemaBots] Tableros recibidos: [1,2,3,4,5]
[30-Aug-2025 17:01:30 Europe/Berlin] [SistemaBots] Tablero seleccionado para Bot 5: {"bosque-semejanza":[],"trio-frondoso":[],"prado-diferencia":[],"pradera-amor":[],"isla-solitaria":[],"rey-selva":[],"dinos-rio":[]}
[30-Aug-2025 17:01:30 Europe/Berlin] [obtenerMovimientoBot][logic_error] ActiveRestrictions::filterZonesByDice(): Argument #2 ($boardState) must be of type array, stdClass given, called in C:\xampp\htdocs\proyecto\Draftosaurus\backend\ValidadorTablero.php on line 301\n#0 C:\xampp\htdocs\proyecto\Draftosaurus\backend\ValidadorTablero.php(301): ActiveRestrictions->filterZonesByDice('bosque', Object(stdClass), 1)
#1 C:\xampp\htdocs\proyecto\Draftosaurus\backend\SistemaBots.php(83): ValidadorTablero->obtenerZonasDisponibles(5, Object(stdClass))
#2 C:\xampp\htdocs\proyecto\Draftosaurus\backend\obtenerMovimientoBot.php(42): SistemaBots->decidirMovimientoBot(5, Object(stdClass))
#3 C:\xampp\htdocs\proyecto\Draftosaurus\backend\obtenerMovimientoBot.php(85): ejecutarMovimientoBotSeguro(5, Object(stdClass), 5)
#4 {main}
[30-Aug-2025 17:12:10 Europe/Berlin] [SistemaBots] Tableros recibidos: [1,2,3,4,5]
[30-Aug-2025 17:12:10 Europe/Berlin] [SistemaBots] Tablero seleccionado para Bot 2: {"bosque-semejanza":[],"trio-frondoso":[],"prado-diferencia":[],"pradera-amor":[],"isla-solitaria":[],"rey-selva":[],"dinos-rio":[]}
[30-Aug-2025 17:12:10 Europe/Berlin] [ValidadorTablero] obtenerSlotsValidos: tablero no existe o no es array, inicializando a array vacío
[30-Aug-2025 17:12:12 Europe/Berlin] [SistemaBots] Tableros recibidos: [1,2,3,4,5]
[30-Aug-2025 17:12:12 Europe/Berlin] [SistemaBots] Tablero seleccionado para Bot 3: {"bosque-semejanza":[],"trio-frondoso":[],"prado-diferencia":[],"pradera-amor":[],"isla-solitaria":[],"rey-selva":[],"dinos-rio":[]}
[30-Aug-2025 17:12:12 Europe/Berlin] [ValidadorTablero] obtenerSlotsValidos: tablero no existe o no es array, inicializando a array vacío
[30-Aug-2025 17:12:15 Europe/Berlin] [SistemaBots] Tableros recibidos: [1,2,3,4,5]
[30-Aug-2025 17:12:15 Europe/Berlin] [SistemaBots] Tablero seleccionado para Bot 4: {"bosque-semejanza":[],"trio-frondoso":[],"prado-diferencia":[],"pradera-amor":[],"isla-solitaria":[],"rey-selva":[],"dinos-rio":[]}
[30-Aug-2025 17:12:15 Europe/Berlin] [ValidadorTablero] obtenerSlotsValidos: tablero no existe o no es array, inicializando a array vacío
[30-Aug-2025 17:12:17 Europe/Berlin] [SistemaBots] Tableros recibidos: [1,2,3,4,5]
[30-Aug-2025 17:12:17 Europe/Berlin] [SistemaBots] Tablero seleccionado para Bot 5: {"bosque-semejanza":[],"trio-frondoso":[],"prado-diferencia":[],"pradera-amor":[],"isla-solitaria":[],"rey-selva":[],"dinos-rio":[]}
[30-Aug-2025 17:12:17 Europe/Berlin] [ValidadorTablero] obtenerSlotsValidos: tablero no existe o no es array, inicializando a array vacío
[30-Aug-2025 17:12:30 Europe/Berlin] [SistemaBots] Tableros recibidos: [1,2,3,4,5]
[30-Aug-2025 17:12:30 Europe/Berlin] [SistemaBots] Tablero seleccionado para Bot 2: {"bosque-semejanza":[],"trio-frondoso":[],"prado-diferencia":[],"pradera-amor":[],"isla-solitaria":[],"rey-selva":[],"dinos-rio":[]}
[30-Aug-2025 17:12:30 Europe/Berlin] [ValidadorTablero] obtenerSlotsValidos: tablero no existe o no es array, inicializando a array vacío
[30-Aug-2025 17:12:32 Europe/Berlin] [SistemaBots] Tableros recibidos: [1,2,3,4,5]
[30-Aug-2025 17:12:32 Europe/Berlin] [SistemaBots] Tablero seleccionado para Bot 3: {"bosque-semejanza":[{"id":"dino_velociraptor_1756566710993_6394_4","tipo":"velociraptor","slot":3,"imagen":"Recursos\/img\/dino5.png","jugadorColocado":3,"turnoColocado":3}],"trio-frondoso":[],"prado-diferencia":[],"pradera-amor":[],"isla-solitaria":[],"rey-selva":[],"dinos-rio":[]}
[30-Aug-2025 17:12:32 Europe/Berlin] [ValidadorTablero] obtenerSlotsValidos: tablero no existe o no es array, inicializando a array vacío
[30-Aug-2025 17:12:34 Europe/Berlin] [SistemaBots] Tableros recibidos: [1,2,3,4,5]
[30-Aug-2025 17:12:34 Europe/Berlin] [SistemaBots] Tablero seleccionado para Bot 4: {"bosque-semejanza":[],"trio-frondoso":[],"prado-diferencia":[],"pradera-amor":[],"isla-solitaria":[],"rey-selva":[],"dinos-rio":[]}
[30-Aug-2025 17:12:34 Europe/Berlin] [ValidadorTablero] obtenerSlotsValidos: tablero no existe o no es array, inicializando a array vacío
[30-Aug-2025 17:12:36 Europe/Berlin] [SistemaBots] Tableros recibidos: [1,2,3,4,5]
[30-Aug-2025 17:12:36 Europe/Berlin] [SistemaBots] Tablero seleccionado para Bot 5: {"bosque-semejanza":[{"id":"dino_pteranodon_1756566710993_9290_5","tipo":"pteranodon","slot":4,"imagen":"Recursos\/img\/dino6.png","jugadorColocado":5,"turnoColocado":5}],"trio-frondoso":[],"prado-diferencia":[],"pradera-amor":[],"isla-solitaria":[],"rey-selva":[],"dinos-rio":[]}
[30-Aug-2025 17:12:36 Europe/Berlin] [ValidadorTablero] obtenerSlotsValidos: tablero no existe o no es array, inicializando a array vacío
[30-Aug-2025 17:12:52 Europe/Berlin] [SistemaBots] Tableros recibidos: [1,2,3,4,5]
[30-Aug-2025 17:12:52 Europe/Berlin] [SistemaBots] Tablero seleccionado para Bot 2: {"bosque-semejanza":[{"id":"dino_stegosaurus_1756566710993_5396_1","tipo":"stegosaurus","slot":5,"imagen":"Recursos\/img\/dino2.png","jugadorColocado":2,"turnoColocado":2}],"trio-frondoso":[],"prado-diferencia":[],"pradera-amor":[],"isla-solitaria":[],"rey-selva":[],"dinos-rio":[]}
[30-Aug-2025 17:12:52 Europe/Berlin] Cara del dado no reconocida: vacio
[30-Aug-2025 17:12:52 Europe/Berlin] [ValidadorTablero] obtenerSlotsValidos: tablero no existe o no es array, inicializando a array vacío
[30-Aug-2025 17:12:52 Europe/Berlin] Cara del dado no reconocida: vacio
[30-Aug-2025 17:12:54 Europe/Berlin] [SistemaBots] Tableros recibidos: [1,2,3,4,5]
[30-Aug-2025 17:12:54 Europe/Berlin] [SistemaBots] Tablero seleccionado para Bot 3: {"bosque-semejanza":[{"id":"dino_velociraptor_1756566710993_6394_4","tipo":"velociraptor","slot":3,"imagen":"Recursos\/img\/dino5.png","jugadorColocado":3,"turnoColocado":3}],"trio-frondoso":[],"prado-diferencia":[{"id":"dino_pteranodon_1756566710993_1430_5","tipo":"pteranodon","slot":5,"imagen":"Recursos\/img\/dino6.png","jugadorColocado":3,"turnoColocado":3}],"pradera-amor":[],"isla-solitaria":[],"rey-selva":[],"dinos-rio":[]}
[30-Aug-2025 17:12:54 Europe/Berlin] [ValidadorTablero] obtenerSlotsValidos: tablero no existe o no es array, inicializando a array vacío
[30-Aug-2025 17:12:54 Europe/Berlin] [ValidadorTablero] obtenerSlotsValidos: tablero no existe o no es array, inicializando a array vacío
[30-Aug-2025 17:12:55 Europe/Berlin] [SistemaBots] Tableros recibidos: [1,2,3,4,5]
[30-Aug-2025 17:12:55 Europe/Berlin] [SistemaBots] Tablero seleccionado para Bot 4: {"bosque-semejanza":[],"trio-frondoso":[],"prado-diferencia":[],"pradera-amor":[],"isla-solitaria":[],"rey-selva":[],"dinos-rio":[]}
[30-Aug-2025 17:12:55 Europe/Berlin] Cara del dado no reconocida: vacio
[30-Aug-2025 17:12:55 Europe/Berlin] [ValidadorTablero] obtenerSlotsValidos: tablero no existe o no es array, inicializando a array vacío
[30-Aug-2025 17:12:55 Europe/Berlin] Cara del dado no reconocida: vacio
[30-Aug-2025 17:12:57 Europe/Berlin] [SistemaBots] Tableros recibidos: [1,2,3,4,5]
[30-Aug-2025 17:12:57 Europe/Berlin] [SistemaBots] Tablero seleccionado para Bot 5: {"bosque-semejanza":[{"id":"dino_pteranodon_1756566710993_9290_5","tipo":"pteranodon","slot":4,"imagen":"Recursos\/img\/dino6.png","jugadorColocado":5,"turnoColocado":5}],"trio-frondoso":[],"prado-diferencia":[{"id":"dino_triceratops_1756566710993_8758_0","tipo":"triceratops","slot":6,"imagen":"Recursos\/img\/dino1.png","jugadorColocado":5,"turnoColocado":5}],"pradera-amor":[],"isla-solitaria":[],"rey-selva":[],"dinos-rio":[]}
[30-Aug-2025 17:12:57 Europe/Berlin] Cara del dado no reconocida: vacio
[30-Aug-2025 17:12:57 Europe/Berlin] [ValidadorTablero] obtenerSlotsValidos: tablero no existe o no es array, inicializando a array vacío
[30-Aug-2025 17:12:57 Europe/Berlin] Cara del dado no reconocida: vacio
[30-Aug-2025 17:12:57 Europe/Berlin] [ValidadorTablero] obtenerSlotsValidos: tablero no existe o no es array, inicializando a array vacío
[30-Aug-2025 17:12:57 Europe/Berlin] Cara del dado no reconocida: vacio
[30-Aug-2025 17:13:08 Europe/Berlin] [SistemaBots] Tableros recibidos: [1,2,3,4,5]
[30-Aug-2025 17:13:08 Europe/Berlin] [SistemaBots] Tablero seleccionado para Bot 2: {"bosque-semejanza":[{"id":"dino_stegosaurus_1756566710993_5396_1","tipo":"stegosaurus","slot":5,"imagen":"Recursos\/img\/dino2.png","jugadorColocado":2,"turnoColocado":2},{"id":"dino_stegosaurus_1756566710993_4602_1","tipo":"stegosaurus","slot":6,"imagen":"Recursos\/img\/dino2.png","jugadorColocado":2,"turnoColocado":2}],"trio-frondoso":[],"prado-diferencia":[],"pradera-amor":[],"isla-solitaria":[],"rey-selva":[],"dinos-rio":[]}
[30-Aug-2025 17:13:08 Europe/Berlin] [ValidadorTablero] obtenerSlotsValidos: tablero no existe o no es array, inicializando a array vacío
[30-Aug-2025 17:13:10 Europe/Berlin] [SistemaBots] Tableros recibidos: [1,2,3,4,5]
[30-Aug-2025 17:13:10 Europe/Berlin] [SistemaBots] Tablero seleccionado para Bot 3: {"bosque-semejanza":[{"id":"dino_velociraptor_1756566710993_6394_4","tipo":"velociraptor","slot":3,"imagen":"Recursos\/img\/dino5.png","jugadorColocado":3,"turnoColocado":3}],"trio-frondoso":[],"prado-diferencia":[{"id":"dino_pteranodon_1756566710993_1430_5","tipo":"pteranodon","slot":5,"imagen":"Recursos\/img\/dino6.png","jugadorColocado":3,"turnoColocado":3}],"pradera-amor":[],"isla-solitaria":[],"rey-selva":[],"dinos-rio":[]}
[30-Aug-2025 17:13:10 Europe/Berlin] [ValidadorTablero] obtenerSlotsValidos: tablero no existe o no es array, inicializando a array vacío
[30-Aug-2025 17:13:12 Europe/Berlin] [SistemaBots] Tableros recibidos: [1,2,3,4,5]
[30-Aug-2025 17:13:12 Europe/Berlin] [SistemaBots] Tablero seleccionado para Bot 4: {"bosque-semejanza":[],"trio-frondoso":[],"prado-diferencia":[],"pradera-amor":[],"isla-solitaria":[],"rey-selva":[],"dinos-rio":[]}
[30-Aug-2025 17:13:12 Europe/Berlin] [ValidadorTablero] obtenerSlotsValidos: tablero no existe o no es array, inicializando a array vacío
[30-Aug-2025 17:13:13 Europe/Berlin] [SistemaBots] Tableros recibidos: [1,2,3,4,5]
[30-Aug-2025 17:13:13 Europe/Berlin] [SistemaBots] Tablero seleccionado para Bot 5: {"bosque-semejanza":[{"id":"dino_pteranodon_1756566710993_9290_5","tipo":"pteranodon","slot":4,"imagen":"Recursos\/img\/dino6.png","jugadorColocado":5,"turnoColocado":5}],"trio-frondoso":[],"prado-diferencia":[{"id":"dino_triceratops_1756566710993_8758_0","tipo":"triceratops","slot":6,"imagen":"Recursos\/img\/dino1.png","jugadorColocado":5,"turnoColocado":5},{"id":"dino_trex_1756566710993_2695_3","tipo":"trex","slot":3,"imagen":"Recursos\/img\/dino4.png","jugadorColocado":5,"turnoColocado":5}],"pradera-amor":[],"isla-solitaria":[],"rey-selva":[],"dinos-rio":[]}
[30-Aug-2025 17:13:13 Europe/Berlin] [ValidadorTablero] obtenerSlotsValidos: tablero no existe o no es array, inicializando a array vacío
[30-Aug-2025 17:30:25 Europe/Berlin] [SistemaBots] Tableros recibidos: [1,2,3,4,5]
[30-Aug-2025 17:30:25 Europe/Berlin] [SistemaBots] Tablero seleccionado para Bot 2: {"bosque-semejanza":[],"trio-frondoso":[],"prado-diferencia":[],"pradera-amor":[],"isla-solitaria":[],"rey-selva":[],"dinos-rio":[]}
[30-Aug-2025 17:30:25 Europe/Berlin] [ValidadorTablero] obtenerSlotsValidos: tablero no existe o no es array, inicializando a array vacío
[30-Aug-2025 17:30:27 Europe/Berlin] [SistemaBots] Tableros recibidos: [1,2,3,4,5]
[30-Aug-2025 17:30:27 Europe/Berlin] [SistemaBots] Tablero seleccionado para Bot 3: {"bosque-semejanza":[],"trio-frondoso":[],"prado-diferencia":[],"pradera-amor":[],"isla-solitaria":[],"rey-selva":[],"dinos-rio":[]}
[30-Aug-2025 17:30:27 Europe/Berlin] [ValidadorTablero] obtenerSlotsValidos: tablero no existe o no es array, inicializando a array vacío
[30-Aug-2025 17:30:29 Europe/Berlin] [SistemaBots] Tableros recibidos: [1,2,3,4,5]
[30-Aug-2025 17:30:29 Europe/Berlin] [SistemaBots] Tablero seleccionado para Bot 4: {"bosque-semejanza":[],"trio-frondoso":[],"prado-diferencia":[],"pradera-amor":[],"isla-solitaria":[],"rey-selva":[],"dinos-rio":[]}
[30-Aug-2025 17:30:29 Europe/Berlin] [ValidadorTablero] obtenerSlotsValidos: tablero no existe o no es array, inicializando a array vacío
[30-Aug-2025 17:30:30 Europe/Berlin] [SistemaBots] Tableros recibidos: [1,2,3,4,5]
[30-Aug-2025 17:30:30 Europe/Berlin] [SistemaBots] Tablero seleccionado para Bot 5: {"bosque-semejanza":[],"trio-frondoso":[],"prado-diferencia":[],"pradera-amor":[],"isla-solitaria":[],"rey-selva":[],"dinos-rio":[]}
[30-Aug-2025 17:30:30 Europe/Berlin] [ValidadorTablero] obtenerSlotsValidos: tablero no existe o no es array, inicializando a array vacío
[30-Aug-2025 17:30:44 Europe/Berlin] [SistemaBots] Tableros recibidos: [1,2,3,4,5]
[30-Aug-2025 17:30:44 Europe/Berlin] [SistemaBots] Tablero seleccionado para Bot 2: {"bosque-semejanza":[{"id":"dino_brontosaurus_1756567809239_6619_2","tipo":"brontosaurus","slot":6,"imagen":"Recursos\/img\/dino3.png","jugadorColocado":2,"turnoColocado":2}],"trio-frondoso":[],"prado-diferencia":[],"pradera-amor":[],"isla-solitaria":[],"rey-selva":[],"dinos-rio":[]}
[30-Aug-2025 17:30:44 Europe/Berlin] [ValidadorTablero] obtenerSlotsValidos: tablero no existe o no es array, inicializando a array vacío
[30-Aug-2025 17:30:44 Europe/Berlin] [ValidadorTablero] obtenerSlotsValidos: tablero no existe o no es array, inicializando a array vacío
[30-Aug-2025 17:30:46 Europe/Berlin] [SistemaBots] Tableros recibidos: [1,2,3,4,5]
[30-Aug-2025 17:30:46 Europe/Berlin] [SistemaBots] Tablero seleccionado para Bot 3: {"bosque-semejanza":[],"trio-frondoso":[],"prado-diferencia":[],"pradera-amor":[],"isla-solitaria":[],"rey-selva":[],"dinos-rio":[]}
[30-Aug-2025 17:30:46 Europe/Berlin] [ValidadorTablero] obtenerSlotsValidos: tablero no existe o no es array, inicializando a array vacío
[30-Aug-2025 17:30:49 Europe/Berlin] [SistemaBots] Tableros recibidos: [1,2,3,4,5]
[30-Aug-2025 17:30:49 Europe/Berlin] [SistemaBots] Tablero seleccionado para Bot 4: {"bosque-semejanza":[],"trio-frondoso":[],"prado-diferencia":[],"pradera-amor":[],"isla-solitaria":[],"rey-selva":[],"dinos-rio":[]}
[30-Aug-2025 17:30:49 Europe/Berlin] [ValidadorTablero] obtenerSlotsValidos: tablero no existe o no es array, inicializando a array vacío
[30-Aug-2025 17:30:51 Europe/Berlin] [SistemaBots] Tableros recibidos: [1,2,3,4,5]
[30-Aug-2025 17:30:51 Europe/Berlin] [SistemaBots] Tablero seleccionado para Bot 5: {"bosque-semejanza":[],"trio-frondoso":[],"prado-diferencia":[],"pradera-amor":[],"isla-solitaria":[],"rey-selva":[],"dinos-rio":[]}
[30-Aug-2025 17:30:51 Europe/Berlin] [ValidadorTablero] obtenerSlotsValidos: tablero no existe o no es array, inicializando a array vacío
[30-Aug-2025 17:31:05 Europe/Berlin] [SistemaBots] Tableros recibidos: [1,2,3,4,5]
[30-Aug-2025 17:31:05 Europe/Berlin] [SistemaBots] Tablero seleccionado para Bot 2: {"bosque-semejanza":[{"id":"dino_brontosaurus_1756567809239_6619_2","tipo":"brontosaurus","slot":6,"imagen":"Recursos\/img\/dino3.png","jugadorColocado":2,"turnoColocado":2}],"trio-frondoso":[],"prado-diferencia":[{"id":"dino_trex_1756567809239_7051_3","tipo":"trex","slot":6,"imagen":"Recursos\/img\/dino4.png","jugadorColocado":2,"turnoColocado":2}],"pradera-amor":[],"isla-solitaria":[],"rey-selva":[],"dinos-rio":[]}
[30-Aug-2025 17:31:05 Europe/Berlin] [ValidadorTablero] obtenerSlotsValidos: tablero no existe o no es array, inicializando a array vacío
[30-Aug-2025 17:31:07 Europe/Berlin] [SistemaBots] Tableros recibidos: [1,2,3,4,5]
[30-Aug-2025 17:31:07 Europe/Berlin] [SistemaBots] Tablero seleccionado para Bot 3: {"bosque-semejanza":[{"id":"dino_trex_1756567809239_7607_3","tipo":"trex","slot":5,"imagen":"Recursos\/img\/dino4.png","jugadorColocado":3,"turnoColocado":3}],"trio-frondoso":[],"prado-diferencia":[],"pradera-amor":[],"isla-solitaria":[],"rey-selva":[],"dinos-rio":[]}
[30-Aug-2025 17:31:07 Europe/Berlin] [ValidadorTablero] obtenerSlotsValidos: tablero no existe o no es array, inicializando a array vacío
[30-Aug-2025 17:31:07 Europe/Berlin] [ValidadorTablero] obtenerSlotsValidos: tablero no existe o no es array, inicializando a array vacío
[30-Aug-2025 17:31:09 Europe/Berlin] [SistemaBots] Tableros recibidos: [1,2,3,4,5]
[30-Aug-2025 17:31:09 Europe/Berlin] [SistemaBots] Tablero seleccionado para Bot 4: {"bosque-semejanza":[{"id":"dino_stegosaurus_1756567809239_8803_1","tipo":"stegosaurus","slot":4,"imagen":"Recursos\/img\/dino2.png","jugadorColocado":4,"turnoColocado":4}],"trio-frondoso":[],"prado-diferencia":[],"pradera-amor":[],"isla-solitaria":[],"rey-selva":[],"dinos-rio":[]}
[30-Aug-2025 17:31:09 Europe/Berlin] [ValidadorTablero] obtenerSlotsValidos: tablero no existe o no es array, inicializando a array vacío
[30-Aug-2025 17:31:11 Europe/Berlin] [SistemaBots] Tableros recibidos: [1,2,3,4,5]
[30-Aug-2025 17:31:11 Europe/Berlin] [SistemaBots] Tablero seleccionado para Bot 5: {"bosque-semejanza":[],"trio-frondoso":[],"prado-diferencia":[],"pradera-amor":[],"isla-solitaria":[],"rey-selva":[],"dinos-rio":[]}
[30-Aug-2025 17:31:11 Europe/Berlin] [ValidadorTablero] obtenerSlotsValidos: tablero no existe o no es array, inicializando a array vacío
[30-Aug-2025 17:31:19 Europe/Berlin] [SistemaBots] Tableros recibidos: [1,2,3,4,5]
[30-Aug-2025 17:31:19 Europe/Berlin] [SistemaBots] Tablero seleccionado para Bot 2: {"bosque-semejanza":[{"id":"dino_brontosaurus_1756567809239_6619_2","tipo":"brontosaurus","slot":6,"imagen":"Recursos\/img\/dino3.png","jugadorColocado":2,"turnoColocado":2}],"trio-frondoso":[],"prado-diferencia":[{"id":"dino_trex_1756567809239_7051_3","tipo":"trex","slot":6,"imagen":"Recursos\/img\/dino4.png","jugadorColocado":2,"turnoColocado":2},{"id":"dino_brontosaurus_1756567809239_3484_2","tipo":"brontosaurus","slot":5,"imagen":"Recursos\/img\/dino3.png","jugadorColocado":2,"turnoColocado":2}],"pradera-amor":[],"isla-solitaria":[],"rey-selva":[],"dinos-rio":[]}
[30-Aug-2025 17:31:19 Europe/Berlin] [ValidadorTablero] obtenerSlotsValidos: tablero no existe o no es array, inicializando a array vacío
[30-Aug-2025 17:31:19 Europe/Berlin] [ValidadorTablero] obtenerSlotsValidos: tablero no existe o no es array, inicializando a array vacío
[30-Aug-2025 17:31:21 Europe/Berlin] [SistemaBots] Tableros recibidos: [1,2,3,4,5]
[30-Aug-2025 17:31:21 Europe/Berlin] [SistemaBots] Tablero seleccionado para Bot 3: {"bosque-semejanza":[{"id":"dino_trex_1756567809239_7607_3","tipo":"trex","slot":5,"imagen":"Recursos\/img\/dino4.png","jugadorColocado":3,"turnoColocado":3}],"trio-frondoso":[],"prado-diferencia":[{"id":"dino_velociraptor_1756567809239_6305_4","tipo":"velociraptor","slot":4,"imagen":"Recursos\/img\/dino5.png","jugadorColocado":3,"turnoColocado":3}],"pradera-amor":[],"isla-solitaria":[],"rey-selva":[],"dinos-rio":[]}
[30-Aug-2025 17:31:21 Europe/Berlin] [ValidadorTablero] obtenerSlotsValidos: tablero no existe o no es array, inicializando a array vacío
[30-Aug-2025 17:31:22 Europe/Berlin] [SistemaBots] Tableros recibidos: [1,2,3,4,5]
[30-Aug-2025 17:31:22 Europe/Berlin] [SistemaBots] Tablero seleccionado para Bot 4: {"bosque-semejanza":[{"id":"dino_stegosaurus_1756567809239_8803_1","tipo":"stegosaurus","slot":4,"imagen":"Recursos\/img\/dino2.png","jugadorColocado":4,"turnoColocado":4}],"trio-frondoso":[],"prado-diferencia":[],"pradera-amor":[],"isla-solitaria":[],"rey-selva":[],"dinos-rio":[]}
[30-Aug-2025 17:31:22 Europe/Berlin] [ValidadorTablero] obtenerSlotsValidos: tablero no existe o no es array, inicializando a array vacío
[30-Aug-2025 17:31:22 Europe/Berlin] [ValidadorTablero] obtenerSlotsValidos: tablero no existe o no es array, inicializando a array vacío
[30-Aug-2025 17:31:24 Europe/Berlin] [SistemaBots] Tableros recibidos: [1,2,3,4,5]
[30-Aug-2025 17:31:24 Europe/Berlin] [SistemaBots] Tablero seleccionado para Bot 5: {"bosque-semejanza":[],"trio-frondoso":[],"prado-diferencia":[{"id":"dino_pteranodon_1756567809239_8327_5","tipo":"pteranodon","slot":3,"imagen":"Recursos\/img\/dino6.png","jugadorColocado":5,"turnoColocado":5}],"pradera-amor":[],"isla-solitaria":[],"rey-selva":[],"dinos-rio":[]}
[30-Aug-2025 17:31:24 Europe/Berlin] [ValidadorTablero] obtenerSlotsValidos: tablero no existe o no es array, inicializando a array vacío
[30-Aug-2025 17:31:24 Europe/Berlin] [ValidadorTablero] obtenerSlotsValidos: tablero no existe o no es array, inicializando a array vacío
[30-Aug-2025 17:31:31 Europe/Berlin] [SistemaBots] Tableros recibidos: [1,2,3,4,5]
[30-Aug-2025 17:31:31 Europe/Berlin] [SistemaBots] Tablero seleccionado para Bot 2: {"bosque-semejanza":[{"id":"dino_brontosaurus_1756567809239_6619_2","tipo":"brontosaurus","slot":6,"imagen":"Recursos\/img\/dino3.png","jugadorColocado":2,"turnoColocado":2}],"trio-frondoso":[],"prado-diferencia":[{"id":"dino_trex_1756567809239_7051_3","tipo":"trex","slot":6,"imagen":"Recursos\/img\/dino4.png","jugadorColocado":2,"turnoColocado":2},{"id":"dino_brontosaurus_1756567809239_3484_2","tipo":"brontosaurus","slot":5,"imagen":"Recursos\/img\/dino3.png","jugadorColocado":2,"turnoColocado":2}],"pradera-amor":[{"id":"dino_brontosaurus_1756567809239_28_2","tipo":"brontosaurus","slot":3,"imagen":"Recursos\/img\/dino3.png","jugadorColocado":2,"turnoColocado":2}],"isla-solitaria":[],"rey-selva":[],"dinos-rio":[]}
[30-Aug-2025 17:31:31 Europe/Berlin] [ValidadorTablero] obtenerSlotsValidos: tablero no existe o no es array, inicializando a array vacío
[30-Aug-2025 17:31:31 Europe/Berlin] [ValidadorTablero] obtenerSlotsValidos: tablero no existe o no es array, inicializando a array vacío
[30-Aug-2025 17:31:34 Europe/Berlin] [SistemaBots] Tableros recibidos: [1,2,3,4,5]
[30-Aug-2025 17:31:34 Europe/Berlin] [SistemaBots] Tablero seleccionado para Bot 3: {"bosque-semejanza":[{"id":"dino_trex_1756567809239_7607_3","tipo":"trex","slot":5,"imagen":"Recursos\/img\/dino4.png","jugadorColocado":3,"turnoColocado":3}],"trio-frondoso":[],"prado-diferencia":[{"id":"dino_velociraptor_1756567809239_6305_4","tipo":"velociraptor","slot":4,"imagen":"Recursos\/img\/dino5.png","jugadorColocado":3,"turnoColocado":3}],"pradera-amor":[],"isla-solitaria":[],"rey-selva":[],"dinos-rio":[]}
[30-Aug-2025 17:31:34 Europe/Berlin] [ValidadorTablero] obtenerSlotsValidos: tablero no existe o no es array, inicializando a array vacío
[30-Aug-2025 17:31:34 Europe/Berlin] [ValidadorTablero] obtenerSlotsValidos: tablero no existe o no es array, inicializando a array vacío
[30-Aug-2025 17:31:35 Europe/Berlin] [SistemaBots] Tableros recibidos: [1,2,3,4,5]
[30-Aug-2025 17:31:35 Europe/Berlin] [SistemaBots] Tablero seleccionado para Bot 4: {"bosque-semejanza":[{"id":"dino_stegosaurus_1756567809239_8803_1","tipo":"stegosaurus","slot":4,"imagen":"Recursos\/img\/dino2.png","jugadorColocado":4,"turnoColocado":4}],"trio-frondoso":[],"prado-diferencia":[],"pradera-amor":[],"isla-solitaria":[],"rey-selva":[],"dinos-rio":[]}
[30-Aug-2025 17:31:35 Europe/Berlin] [ValidadorTablero] obtenerSlotsValidos: tablero no existe o no es array, inicializando a array vacío
[30-Aug-2025 17:31:35 Europe/Berlin] [ValidadorTablero] obtenerSlotsValidos: tablero no existe o no es array, inicializando a array vacío
[30-Aug-2025 17:31:37 Europe/Berlin] [SistemaBots] Tableros recibidos: [1,2,3,4,5]
[30-Aug-2025 17:31:37 Europe/Berlin] [SistemaBots] Tablero seleccionado para Bot 5: {"bosque-semejanza":[],"trio-frondoso":[],"prado-diferencia":[{"id":"dino_pteranodon_1756567809239_8327_5","tipo":"pteranodon","slot":3,"imagen":"Recursos\/img\/dino6.png","jugadorColocado":5,"turnoColocado":5}],"pradera-amor":[{"id":"dino_pteranodon_1756567809239_5808_5","tipo":"pteranodon","slot":5,"imagen":"Recursos\/img\/dino6.png","jugadorColocado":5,"turnoColocado":5}],"isla-solitaria":[],"rey-selva":[],"dinos-rio":[]}
[30-Aug-2025 17:31:37 Europe/Berlin] [ValidadorTablero] obtenerSlotsValidos: tablero no existe o no es array, inicializando a array vacío
[30-Aug-2025 17:31:45 Europe/Berlin] [SistemaBots] Tableros recibidos: [1,2,3,4,5]
[30-Aug-2025 17:31:45 Europe/Berlin] [SistemaBots] Tablero seleccionado para Bot 2: {"bosque-semejanza":[{"id":"dino_brontosaurus_1756567809239_6619_2","tipo":"brontosaurus","slot":6,"imagen":"Recursos\/img\/dino3.png","jugadorColocado":2,"turnoColocado":2}],"trio-frondoso":[],"prado-diferencia":[{"id":"dino_trex_1756567809239_7051_3","tipo":"trex","slot":6,"imagen":"Recursos\/img\/dino4.png","jugadorColocado":2,"turnoColocado":2},{"id":"dino_brontosaurus_1756567809239_3484_2","tipo":"brontosaurus","slot":5,"imagen":"Recursos\/img\/dino3.png","jugadorColocado":2,"turnoColocado":2}],"pradera-amor":[{"id":"dino_brontosaurus_1756567809239_28_2","tipo":"brontosaurus","slot":3,"imagen":"Recursos\/img\/dino3.png","jugadorColocado":2,"turnoColocado":2}],"isla-solitaria":[],"rey-selva":[{"id":"dino_trex_1756567809239_2555_3","tipo":"trex","slot":1,"imagen":"Recursos\/img\/dino4.png","jugadorColocado":2,"turnoColocado":2}],"dinos-rio":[]}
[30-Aug-2025 17:31:45 Europe/Berlin] [ValidadorTablero] obtenerSlotsValidos: tablero no existe o no es array, inicializando a array vacío
[30-Aug-2025 17:31:47 Europe/Berlin] [SistemaBots] Tableros recibidos: [1,2,3,4,5]
[30-Aug-2025 17:31:47 Europe/Berlin] [SistemaBots] Tablero seleccionado para Bot 3: {"bosque-semejanza":[{"id":"dino_trex_1756567809239_7607_3","tipo":"trex","slot":5,"imagen":"Recursos\/img\/dino4.png","jugadorColocado":3,"turnoColocado":3}],"trio-frondoso":[],"prado-diferencia":[{"id":"dino_velociraptor_1756567809239_6305_4","tipo":"velociraptor","slot":4,"imagen":"Recursos\/img\/dino5.png","jugadorColocado":3,"turnoColocado":3}],"pradera-amor":[],"isla-solitaria":[],"rey-selva":[],"dinos-rio":[]}
[30-Aug-2025 17:31:47 Europe/Berlin] [ValidadorTablero] obtenerSlotsValidos: tablero no existe o no es array, inicializando a array vacío
[30-Aug-2025 17:31:48 Europe/Berlin] [SistemaBots] Tableros recibidos: [1,2,3,4,5]
[30-Aug-2025 17:31:48 Europe/Berlin] [SistemaBots] Tablero seleccionado para Bot 4: {"bosque-semejanza":[{"id":"dino_stegosaurus_1756567809239_8803_1","tipo":"stegosaurus","slot":4,"imagen":"Recursos\/img\/dino2.png","jugadorColocado":4,"turnoColocado":4}],"trio-frondoso":[],"prado-diferencia":[],"pradera-amor":[],"isla-solitaria":[],"rey-selva":[],"dinos-rio":[]}
[30-Aug-2025 17:31:48 Europe/Berlin] [ValidadorTablero] obtenerSlotsValidos: tablero no existe o no es array, inicializando a array vacío
[30-Aug-2025 17:31:50 Europe/Berlin] [SistemaBots] Tableros recibidos: [1,2,3,4,5]
[30-Aug-2025 17:31:50 Europe/Berlin] [SistemaBots] Tablero seleccionado para Bot 5: {"bosque-semejanza":[{"id":"dino_triceratops_1756567809239_3999_0","tipo":"triceratops","slot":3,"imagen":"Recursos\/img\/dino1.png","jugadorColocado":5,"turnoColocado":5}],"trio-frondoso":[],"prado-diferencia":[{"id":"dino_pteranodon_1756567809239_8327_5","tipo":"pteranodon","slot":3,"imagen":"Recursos\/img\/dino6.png","jugadorColocado":5,"turnoColocado":5}],"pradera-amor":[{"id":"dino_pteranodon_1756567809239_5808_5","tipo":"pteranodon","slot":5,"imagen":"Recursos\/img\/dino6.png","jugadorColocado":5,"turnoColocado":5}],"isla-solitaria":[],"rey-selva":[],"dinos-rio":[]}
[30-Aug-2025 17:31:50 Europe/Berlin] [ValidadorTablero] obtenerSlotsValidos: tablero no existe o no es array, inicializando a array vacío
[30-Aug-2025 17:32:02 Europe/Berlin] [SistemaBots] Tableros recibidos: [1,2,3,4,5]
[30-Aug-2025 17:32:02 Europe/Berlin] [SistemaBots] Tablero seleccionado para Bot 2: {"bosque-semejanza":[{"id":"dino_brontosaurus_1756567809239_6619_2","tipo":"brontosaurus","slot":6,"imagen":"Recursos\/img\/dino3.png","jugadorColocado":2,"turnoColocado":2}],"trio-frondoso":[],"prado-diferencia":[{"id":"dino_trex_1756567809239_7051_3","tipo":"trex","slot":6,"imagen":"Recursos\/img\/dino4.png","jugadorColocado":2,"turnoColocado":2},{"id":"dino_brontosaurus_1756567809239_3484_2","tipo":"brontosaurus","slot":5,"imagen":"Recursos\/img\/dino3.png","jugadorColocado":2,"turnoColocado":2}],"pradera-amor":[{"id":"dino_brontosaurus_1756567809239_28_2","tipo":"brontosaurus","slot":3,"imagen":"Recursos\/img\/dino3.png","jugadorColocado":2,"turnoColocado":2}],"isla-solitaria":[],"rey-selva":[{"id":"dino_trex_1756567809239_2555_3","tipo":"trex","slot":1,"imagen":"Recursos\/img\/dino4.png","jugadorColocado":2,"turnoColocado":2}],"dinos-rio":[]}
[30-Aug-2025 17:32:02 Europe/Berlin] [ValidadorTablero] obtenerSlotsValidos: tablero no existe o no es array, inicializando a array vacío
[30-Aug-2025 17:32:02 Europe/Berlin] [ValidadorTablero] obtenerSlotsValidos: tablero no existe o no es array, inicializando a array vacío
[30-Aug-2025 17:32:04 Europe/Berlin] [SistemaBots] Tableros recibidos: [1,2,3,4,5]
[30-Aug-2025 17:32:04 Europe/Berlin] [SistemaBots] Tablero seleccionado para Bot 3: {"bosque-semejanza":[{"id":"dino_trex_1756567809239_7607_3","tipo":"trex","slot":5,"imagen":"Recursos\/img\/dino4.png","jugadorColocado":3,"turnoColocado":3}],"trio-frondoso":[],"prado-diferencia":[{"id":"dino_velociraptor_1756567809239_6305_4","tipo":"velociraptor","slot":4,"imagen":"Recursos\/img\/dino5.png","jugadorColocado":3,"turnoColocado":3}],"pradera-amor":[],"isla-solitaria":[],"rey-selva":[],"dinos-rio":[]}
[30-Aug-2025 17:32:04 Europe/Berlin] Cara del dado no reconocida: vacio
[30-Aug-2025 17:32:04 Europe/Berlin] [ValidadorTablero] obtenerSlotsValidos: tablero no existe o no es array, inicializando a array vacío
[30-Aug-2025 17:32:04 Europe/Berlin] Cara del dado no reconocida: vacio
[30-Aug-2025 17:32:04 Europe/Berlin] [ValidadorTablero] obtenerSlotsValidos: tablero no existe o no es array, inicializando a array vacío
[30-Aug-2025 17:32:04 Europe/Berlin] Cara del dado no reconocida: vacio
[30-Aug-2025 17:32:04 Europe/Berlin] [ValidadorTablero] obtenerSlotsValidos: tablero no existe o no es array, inicializando a array vacío
[30-Aug-2025 17:32:04 Europe/Berlin] Cara del dado no reconocida: vacio
[30-Aug-2025 17:32:06 Europe/Berlin] [SistemaBots] Tableros recibidos: [1,2,3,4,5]
[30-Aug-2025 17:32:06 Europe/Berlin] [SistemaBots] Tablero seleccionado para Bot 4: {"bosque-semejanza":[{"id":"dino_stegosaurus_1756567809239_8803_1","tipo":"stegosaurus","slot":4,"imagen":"Recursos\/img\/dino2.png","jugadorColocado":4,"turnoColocado":4}],"trio-frondoso":[],"prado-diferencia":[],"pradera-amor":[],"isla-solitaria":[],"rey-selva":[],"dinos-rio":[]}
[30-Aug-2025 17:32:06 Europe/Berlin] Cara del dado no reconocida: vacio
[30-Aug-2025 17:32:06 Europe/Berlin] [ValidadorTablero] obtenerSlotsValidos: tablero no existe o no es array, inicializando a array vacío
[30-Aug-2025 17:32:06 Europe/Berlin] Cara del dado no reconocida: vacio
[30-Aug-2025 17:32:06 Europe/Berlin] [ValidadorTablero] obtenerSlotsValidos: tablero no existe o no es array, inicializando a array vacío
[30-Aug-2025 17:32:06 Europe/Berlin] Cara del dado no reconocida: vacio
[30-Aug-2025 17:32:08 Europe/Berlin] [SistemaBots] Tableros recibidos: [1,2,3,4,5]
[30-Aug-2025 17:32:08 Europe/Berlin] [SistemaBots] Tablero seleccionado para Bot 5: {"bosque-semejanza":[{"id":"dino_triceratops_1756567809239_3999_0","tipo":"triceratops","slot":3,"imagen":"Recursos\/img\/dino1.png","jugadorColocado":5,"turnoColocado":5}],"trio-frondoso":[],"prado-diferencia":[{"id":"dino_pteranodon_1756567809239_8327_5","tipo":"pteranodon","slot":3,"imagen":"Recursos\/img\/dino6.png","jugadorColocado":5,"turnoColocado":5}],"pradera-amor":[{"id":"dino_pteranodon_1756567809239_5808_5","tipo":"pteranodon","slot":5,"imagen":"Recursos\/img\/dino6.png","jugadorColocado":5,"turnoColocado":5}],"isla-solitaria":[],"rey-selva":[],"dinos-rio":[]}
[30-Aug-2025 17:32:08 Europe/Berlin] Cara del dado no reconocida: vacio
[30-Aug-2025 17:32:08 Europe/Berlin] [ValidadorTablero] obtenerSlotsValidos: tablero no existe o no es array, inicializando a array vacío
[30-Aug-2025 17:32:08 Europe/Berlin] Cara del dado no reconocida: vacio
[30-Aug-2025 17:32:08 Europe/Berlin] [ValidadorTablero] obtenerSlotsValidos: tablero no existe o no es array, inicializando a array vacío
[30-Aug-2025 17:32:08 Europe/Berlin] Cara del dado no reconocida: vacio
[30-Aug-2025 17:32:15 Europe/Berlin] [SistemaBots] Tableros recibidos: [1,2,3,4,5]
[30-Aug-2025 17:32:15 Europe/Berlin] [SistemaBots] Tablero seleccionado para Bot 2: {"bosque-semejanza":[{"id":"dino_brontosaurus_1756567809239_6619_2","tipo":"brontosaurus","slot":6,"imagen":"Recursos\/img\/dino3.png","jugadorColocado":2,"turnoColocado":2}],"trio-frondoso":[],"prado-diferencia":[{"id":"dino_trex_1756567809239_7051_3","tipo":"trex","slot":6,"imagen":"Recursos\/img\/dino4.png","jugadorColocado":2,"turnoColocado":2},{"id":"dino_brontosaurus_1756567809239_3484_2","tipo":"brontosaurus","slot":5,"imagen":"Recursos\/img\/dino3.png","jugadorColocado":2,"turnoColocado":2}],"pradera-amor":[{"id":"dino_brontosaurus_1756567809239_28_2","tipo":"brontosaurus","slot":3,"imagen":"Recursos\/img\/dino3.png","jugadorColocado":2,"turnoColocado":2}],"isla-solitaria":[],"rey-selva":[{"id":"dino_trex_1756567809239_2555_3","tipo":"trex","slot":1,"imagen":"Recursos\/img\/dino4.png","jugadorColocado":2,"turnoColocado":2}],"dinos-rio":[]}
[30-Aug-2025 17:32:15 Europe/Berlin] [ValidadorTablero] obtenerSlotsValidos: tablero no existe o no es array, inicializando a array vacío
[30-Aug-2025 17:32:15 Europe/Berlin] [ValidadorTablero] obtenerSlotsValidos: tablero no existe o no es array, inicializando a array vacío
[30-Aug-2025 17:32:17 Europe/Berlin] [SistemaBots] Tableros recibidos: [1,2,3,4,5]
[30-Aug-2025 17:32:17 Europe/Berlin] [SistemaBots] Tablero seleccionado para Bot 3: {"bosque-semejanza":[{"id":"dino_trex_1756567809239_7607_3","tipo":"trex","slot":5,"imagen":"Recursos\/img\/dino4.png","jugadorColocado":3,"turnoColocado":3}],"trio-frondoso":[],"prado-diferencia":[{"id":"dino_velociraptor_1756567809239_6305_4","tipo":"velociraptor","slot":4,"imagen":"Recursos\/img\/dino5.png","jugadorColocado":3,"turnoColocado":3}],"pradera-amor":[{"id":"dino_velociraptor_1756567809239_9976_4","tipo":"velociraptor","slot":2,"imagen":"Recursos\/img\/dino5.png","jugadorColocado":3,"turnoColocado":3}],"isla-solitaria":[],"rey-selva":[],"dinos-rio":[]}
[30-Aug-2025 17:32:17 Europe/Berlin] [ValidadorTablero] obtenerSlotsValidos: tablero no existe o no es array, inicializando a array vacío
[30-Aug-2025 17:32:17 Europe/Berlin] [ValidadorTablero] obtenerSlotsValidos: tablero no existe o no es array, inicializando a array vacío
[30-Aug-2025 17:32:19 Europe/Berlin] [SistemaBots] Tableros recibidos: [1,2,3,4,5]
[30-Aug-2025 17:32:19 Europe/Berlin] [SistemaBots] Tablero seleccionado para Bot 4: {"bosque-semejanza":[{"id":"dino_stegosaurus_1756567809239_8803_1","tipo":"stegosaurus","slot":4,"imagen":"Recursos\/img\/dino2.png","jugadorColocado":4,"turnoColocado":4}],"trio-frondoso":[],"prado-diferencia":[],"pradera-amor":[],"isla-solitaria":[],"rey-selva":[],"dinos-rio":[]}
[30-Aug-2025 17:32:19 Europe/Berlin] [ValidadorTablero] obtenerSlotsValidos: tablero no existe o no es array, inicializando a array vacío
[30-Aug-2025 17:32:19 Europe/Berlin] [ValidadorTablero] obtenerSlotsValidos: tablero no existe o no es array, inicializando a array vacío
[30-Aug-2025 17:32:20 Europe/Berlin] [SistemaBots] Tableros recibidos: [1,2,3,4,5]
[30-Aug-2025 17:32:20 Europe/Berlin] [SistemaBots] Tablero seleccionado para Bot 5: {"bosque-semejanza":[{"id":"dino_triceratops_1756567809239_3999_0","tipo":"triceratops","slot":3,"imagen":"Recursos\/img\/dino1.png","jugadorColocado":5,"turnoColocado":5}],"trio-frondoso":[],"prado-diferencia":[{"id":"dino_pteranodon_1756567809239_8327_5","tipo":"pteranodon","slot":3,"imagen":"Recursos\/img\/dino6.png","jugadorColocado":5,"turnoColocado":5}],"pradera-amor":[{"id":"dino_pteranodon_1756567809239_5808_5","tipo":"pteranodon","slot":5,"imagen":"Recursos\/img\/dino6.png","jugadorColocado":5,"turnoColocado":5}],"isla-solitaria":[],"rey-selva":[],"dinos-rio":[]}
[30-Aug-2025 17:32:20 Europe/Berlin] [ValidadorTablero] obtenerSlotsValidos: tablero no existe o no es array, inicializando a array vacío
[30-Aug-2025 17:32:20 Europe/Berlin] [ValidadorTablero] obtenerSlotsValidos: tablero no existe o no es array, inicializando a array vacío
[30-Aug-2025 17:32:29 Europe/Berlin] [SistemaBots] Tableros recibidos: [1,2,3,4,5]
[30-Aug-2025 17:32:29 Europe/Berlin] [SistemaBots] Tablero seleccionado para Bot 2: {"bosque-semejanza":[{"id":"dino_brontosaurus_1756567809239_6619_2","tipo":"brontosaurus","slot":6,"imagen":"Recursos\/img\/dino3.png","jugadorColocado":2,"turnoColocado":2}],"trio-frondoso":[],"prado-diferencia":[{"id":"dino_trex_1756567809239_7051_3","tipo":"trex","slot":6,"imagen":"Recursos\/img\/dino4.png","jugadorColocado":2,"turnoColocado":2},{"id":"dino_brontosaurus_1756567809239_3484_2","tipo":"brontosaurus","slot":5,"imagen":"Recursos\/img\/dino3.png","jugadorColocado":2,"turnoColocado":2}],"pradera-amor":[{"id":"dino_brontosaurus_1756567809239_28_2","tipo":"brontosaurus","slot":3,"imagen":"Recursos\/img\/dino3.png","jugadorColocado":2,"turnoColocado":2}],"isla-solitaria":[],"rey-selva":[{"id":"dino_trex_1756567809239_2555_3","tipo":"trex","slot":1,"imagen":"Recursos\/img\/dino4.png","jugadorColocado":2,"turnoColocado":2}],"dinos-rio":[]}
[30-Aug-2025 17:32:29 Europe/Berlin] [ValidadorTablero] obtenerSlotsValidos: tablero no existe o no es array, inicializando a array vacío
[30-Aug-2025 17:32:29 Europe/Berlin] [ValidadorTablero] obtenerSlotsValidos: tablero no existe o no es array, inicializando a array vacío
[30-Aug-2025 17:32:29 Europe/Berlin] [ValidadorTablero] obtenerSlotsValidos: tablero no existe o no es array, inicializando a array vacío
[30-Aug-2025 17:32:31 Europe/Berlin] [SistemaBots] Tableros recibidos: [1,2,3,4,5]
[30-Aug-2025 17:32:31 Europe/Berlin] [SistemaBots] Tablero seleccionado para Bot 3: {"bosque-semejanza":[{"id":"dino_trex_1756567809239_7607_3","tipo":"trex","slot":5,"imagen":"Recursos\/img\/dino4.png","jugadorColocado":3,"turnoColocado":3}],"trio-frondoso":[],"prado-diferencia":[{"id":"dino_velociraptor_1756567809239_6305_4","tipo":"velociraptor","slot":4,"imagen":"Recursos\/img\/dino5.png","jugadorColocado":3,"turnoColocado":3}],"pradera-amor":[{"id":"dino_velociraptor_1756567809239_9976_4","tipo":"velociraptor","slot":2,"imagen":"Recursos\/img\/dino5.png","jugadorColocado":3,"turnoColocado":3}],"isla-solitaria":[],"rey-selva":[],"dinos-rio":[]}
[30-Aug-2025 17:32:31 Europe/Berlin] [ValidadorTablero] obtenerSlotsValidos: tablero no existe o no es array, inicializando a array vacío
[30-Aug-2025 17:32:31 Europe/Berlin] [ValidadorTablero] obtenerSlotsValidos: tablero no existe o no es array, inicializando a array vacío
[30-Aug-2025 17:32:32 Europe/Berlin] [SistemaBots] Tableros recibidos: [1,2,3,4,5]
[30-Aug-2025 17:32:32 Europe/Berlin] [SistemaBots] Tablero seleccionado para Bot 4: {"bosque-semejanza":[{"id":"dino_stegosaurus_1756567809239_8803_1","tipo":"stegosaurus","slot":4,"imagen":"Recursos\/img\/dino2.png","jugadorColocado":4,"turnoColocado":4}],"trio-frondoso":[],"prado-diferencia":[],"pradera-amor":[],"isla-solitaria":[],"rey-selva":[],"dinos-rio":[]}
[30-Aug-2025 17:32:32 Europe/Berlin] [ValidadorTablero] obtenerSlotsValidos: tablero no existe o no es array, inicializando a array vacío
[30-Aug-2025 17:32:34 Europe/Berlin] [SistemaBots] Tableros recibidos: [1,2,3,4,5]
[30-Aug-2025 17:32:34 Europe/Berlin] [SistemaBots] Tablero seleccionado para Bot 5: {"bosque-semejanza":[{"id":"dino_triceratops_1756567809239_3999_0","tipo":"triceratops","slot":3,"imagen":"Recursos\/img\/dino1.png","jugadorColocado":5,"turnoColocado":5}],"trio-frondoso":[],"prado-diferencia":[{"id":"dino_pteranodon_1756567809239_8327_5","tipo":"pteranodon","slot":3,"imagen":"Recursos\/img\/dino6.png","jugadorColocado":5,"turnoColocado":5}],"pradera-amor":[{"id":"dino_pteranodon_1756567809239_5808_5","tipo":"pteranodon","slot":5,"imagen":"Recursos\/img\/dino6.png","jugadorColocado":5,"turnoColocado":5}],"isla-solitaria":[],"rey-selva":[],"dinos-rio":[]}
[30-Aug-2025 17:32:34 Europe/Berlin] [ValidadorTablero] obtenerSlotsValidos: tablero no existe o no es array, inicializando a array vacío
[30-Aug-2025 17:33:59 Europe/Berlin] [SistemaBots] Tableros recibidos: [1,2,3]
[30-Aug-2025 17:33:59 Europe/Berlin] [SistemaBots] Tablero seleccionado para Bot 2: {"bosque-semejanza":[],"trio-frondoso":[],"prado-diferencia":[],"pradera-amor":[],"isla-solitaria":[],"rey-selva":[],"dinos-rio":[]}
[30-Aug-2025 17:33:59 Europe/Berlin] Cara del dado no reconocida: vacio
[30-Aug-2025 17:33:59 Europe/Berlin] [ValidadorTablero] obtenerSlotsValidos: tablero no existe o no es array, inicializando a array vacío
[30-Aug-2025 17:33:59 Europe/Berlin] Cara del dado no reconocida: vacio
[30-Aug-2025 17:34:02 Europe/Berlin] [SistemaBots] Tableros recibidos: [1,2,3]
[30-Aug-2025 17:34:02 Europe/Berlin] [SistemaBots] Tablero seleccionado para Bot 3: {"bosque-semejanza":[],"trio-frondoso":[],"prado-diferencia":[],"pradera-amor":[],"isla-solitaria":[],"rey-selva":[],"dinos-rio":[]}
[30-Aug-2025 17:34:02 Europe/Berlin] Cara del dado no reconocida: vacio
[30-Aug-2025 17:34:02 Europe/Berlin] [ValidadorTablero] obtenerSlotsValidos: tablero no existe o no es array, inicializando a array vacío
[30-Aug-2025 17:34:02 Europe/Berlin] Cara del dado no reconocida: vacio
[30-Aug-2025 17:34:10 Europe/Berlin] [SistemaBots] Tableros recibidos: [1,2,3]
[30-Aug-2025 17:34:10 Europe/Berlin] [SistemaBots] Tablero seleccionado para Bot 2: {"bosque-semejanza":[{"id":"dino_brontosaurus_1756568028631_1520_2","tipo":"brontosaurus","slot":5,"imagen":"Recursos\/img\/dino3.png","jugadorColocado":2,"turnoColocado":2}],"trio-frondoso":[],"prado-diferencia":[],"pradera-amor":[],"isla-solitaria":[],"rey-selva":[],"dinos-rio":[]}
[30-Aug-2025 17:34:10 Europe/Berlin] [ValidadorTablero] obtenerSlotsValidos: tablero no existe o no es array, inicializando a array vacío
[30-Aug-2025 17:34:11 Europe/Berlin] [SistemaBots] Tableros recibidos: [1,2,3]
[30-Aug-2025 17:34:11 Europe/Berlin] [SistemaBots] Tablero seleccionado para Bot 3: {"bosque-semejanza":[],"trio-frondoso":[],"prado-diferencia":[],"pradera-amor":[],"isla-solitaria":[],"rey-selva":[],"dinos-rio":[]}
[30-Aug-2025 17:34:11 Europe/Berlin] Cara del dado no reconocida: vacio
[30-Aug-2025 17:34:11 Europe/Berlin] [ValidadorTablero] obtenerSlotsValidos: tablero no existe o no es array, inicializando a array vacío
[30-Aug-2025 17:34:11 Europe/Berlin] Cara del dado no reconocida: vacio
[30-Aug-2025 17:34:19 Europe/Berlin] [SistemaBots] Tableros recibidos: [1,2,3]
[30-Aug-2025 17:34:19 Europe/Berlin] [SistemaBots] Tablero seleccionado para Bot 2: {"bosque-semejanza":[{"id":"dino_brontosaurus_1756568028631_1520_2","tipo":"brontosaurus","slot":5,"imagen":"Recursos\/img\/dino3.png","jugadorColocado":2,"turnoColocado":2}],"trio-frondoso":[],"prado-diferencia":[],"pradera-amor":[],"isla-solitaria":[],"rey-selva":[],"dinos-rio":[]}
[30-Aug-2025 17:34:19 Europe/Berlin] Cara del dado no reconocida: vacio
[30-Aug-2025 17:34:19 Europe/Berlin] [ValidadorTablero] obtenerSlotsValidos: tablero no existe o no es array, inicializando a array vacío
[30-Aug-2025 17:34:19 Europe/Berlin] Cara del dado no reconocida: vacio
[30-Aug-2025 17:34:19 Europe/Berlin] [ValidadorTablero] obtenerSlotsValidos: tablero no existe o no es array, inicializando a array vacío
[30-Aug-2025 17:34:19 Europe/Berlin] Cara del dado no reconocida: vacio
[30-Aug-2025 17:34:21 Europe/Berlin] [SistemaBots] Tableros recibidos: [1,2,3]
[30-Aug-2025 17:34:21 Europe/Berlin] [SistemaBots] Tablero seleccionado para Bot 3: {"bosque-semejanza":[],"trio-frondoso":[],"prado-diferencia":[],"pradera-amor":[],"isla-solitaria":[],"rey-selva":[],"dinos-rio":[]}
[30-Aug-2025 17:34:21 Europe/Berlin] [ValidadorTablero] obtenerSlotsValidos: tablero no existe o no es array, inicializando a array vacío
[30-Aug-2025 17:34:29 Europe/Berlin] [SistemaBots] Tableros recibidos: [1,2,3]
[30-Aug-2025 17:34:29 Europe/Berlin] [SistemaBots] Tablero seleccionado para Bot 2: {"bosque-semejanza":[{"id":"dino_brontosaurus_1756568028631_1520_2","tipo":"brontosaurus","slot":5,"imagen":"Recursos\/img\/dino3.png","jugadorColocado":2,"turnoColocado":2}],"trio-frondoso":[],"prado-diferencia":[{"id":"dino_pteranodon_1756568028631_7791_5","tipo":"pteranodon","slot":1,"imagen":"Recursos\/img\/dino6.png","jugadorColocado":2,"turnoColocado":2}],"pradera-amor":[],"isla-solitaria":[],"rey-selva":[],"dinos-rio":[]}
[30-Aug-2025 17:34:29 Europe/Berlin] [ValidadorTablero] obtenerSlotsValidos: tablero no existe o no es array, inicializando a array vacío
[30-Aug-2025 17:34:29 Europe/Berlin] [ValidadorTablero] obtenerSlotsValidos: tablero no existe o no es array, inicializando a array vacío
[30-Aug-2025 17:34:31 Europe/Berlin] [SistemaBots] Tableros recibidos: [1,2,3]
[30-Aug-2025 17:34:31 Europe/Berlin] [SistemaBots] Tablero seleccionado para Bot 3: {"bosque-semejanza":[],"trio-frondoso":[],"prado-diferencia":[],"pradera-amor":[],"isla-solitaria":[],"rey-selva":[],"dinos-rio":[]}
[30-Aug-2025 17:34:31 Europe/Berlin] [ValidadorTablero] obtenerSlotsValidos: tablero no existe o no es array, inicializando a array vacío
[30-Aug-2025 17:34:48 Europe/Berlin] [SistemaBots] Tableros recibidos: [1,2,3]
[30-Aug-2025 17:34:48 Europe/Berlin] [SistemaBots] Tablero seleccionado para Bot 2: {"bosque-semejanza":[{"id":"dino_brontosaurus_1756568028631_1520_2","tipo":"brontosaurus","slot":5,"imagen":"Recursos\/img\/dino3.png","jugadorColocado":2,"turnoColocado":2}],"trio-frondoso":[],"prado-diferencia":[{"id":"dino_pteranodon_1756568028631_7791_5","tipo":"pteranodon","slot":1,"imagen":"Recursos\/img\/dino6.png","jugadorColocado":2,"turnoColocado":2}],"pradera-amor":[],"isla-solitaria":[],"rey-selva":[{"id":"dino_velociraptor_1756568028631_7901_4","tipo":"velociraptor","slot":1,"imagen":"Recursos\/img\/dino5.png","jugadorColocado":2,"turnoColocado":2}],"dinos-rio":[]}
[30-Aug-2025 17:34:48 Europe/Berlin] [ValidadorTablero] obtenerSlotsValidos: tablero no existe o no es array, inicializando a array vacío
[30-Aug-2025 17:34:50 Europe/Berlin] [SistemaBots] Tableros recibidos: [1,2,3]
[30-Aug-2025 17:34:50 Europe/Berlin] [SistemaBots] Tablero seleccionado para Bot 3: {"bosque-semejanza":[{"id":"dino_velociraptor_1756568028631_6322_4","tipo":"velociraptor","slot":6,"imagen":"Recursos\/img\/dino5.png","jugadorColocado":3,"turnoColocado":3}],"trio-frondoso":[],"prado-diferencia":[],"pradera-amor":[],"isla-solitaria":[],"rey-selva":[],"dinos-rio":[]}
[30-Aug-2025 17:34:50 Europe/Berlin] Cara del dado no reconocida: vacio
[30-Aug-2025 17:34:50 Europe/Berlin] [ValidadorTablero] obtenerSlotsValidos: tablero no existe o no es array, inicializando a array vacío
[30-Aug-2025 17:34:50 Europe/Berlin] Cara del dado no reconocida: vacio
[30-Aug-2025 17:34:50 Europe/Berlin] [ValidadorTablero] obtenerSlotsValidos: tablero no existe o no es array, inicializando a array vacío
[30-Aug-2025 17:34:50 Europe/Berlin] Cara del dado no reconocida: vacio
[30-Aug-2025 17:34:57 Europe/Berlin] [SistemaBots] Tableros recibidos: [1,2,3]
[30-Aug-2025 17:34:57 Europe/Berlin] [SistemaBots] Tablero seleccionado para Bot 2: {"bosque-semejanza":[{"id":"dino_brontosaurus_1756568028631_1520_2","tipo":"brontosaurus","slot":5,"imagen":"Recursos\/img\/dino3.png","jugadorColocado":2,"turnoColocado":2}],"trio-frondoso":[],"prado-diferencia":[{"id":"dino_pteranodon_1756568028631_7791_5","tipo":"pteranodon","slot":1,"imagen":"Recursos\/img\/dino6.png","jugadorColocado":2,"turnoColocado":2}],"pradera-amor":[],"isla-solitaria":[],"rey-selva":[{"id":"dino_velociraptor_1756568028631_7901_4","tipo":"velociraptor","slot":1,"imagen":"Recursos\/img\/dino5.png","jugadorColocado":2,"turnoColocado":2}],"dinos-rio":[]}
[30-Aug-2025 17:34:57 Europe/Berlin] [ValidadorTablero] obtenerSlotsValidos: tablero no existe o no es array, inicializando a array vacío
[30-Aug-2025 17:34:57 Europe/Berlin] [ValidadorTablero] obtenerSlotsValidos: tablero no existe o no es array, inicializando a array vacío
[30-Aug-2025 17:34:57 Europe/Berlin] [ValidadorTablero] obtenerSlotsValidos: tablero no existe o no es array, inicializando a array vacío
[30-Aug-2025 17:34:59 Europe/Berlin] [SistemaBots] Tableros recibidos: [1,2,3]
[30-Aug-2025 17:34:59 Europe/Berlin] [SistemaBots] Tablero seleccionado para Bot 3: {"bosque-semejanza":[{"id":"dino_velociraptor_1756568028631_6322_4","tipo":"velociraptor","slot":6,"imagen":"Recursos\/img\/dino5.png","jugadorColocado":3,"turnoColocado":3}],"trio-frondoso":[],"prado-diferencia":[],"pradera-amor":[],"isla-solitaria":[],"rey-selva":[],"dinos-rio":[]}
[30-Aug-2025 17:34:59 Europe/Berlin] [ValidadorTablero] obtenerSlotsValidos: tablero no existe o no es array, inicializando a array vacío
[30-Aug-2025 17:34:59 Europe/Berlin] [ValidadorTablero] obtenerSlotsValidos: tablero no existe o no es array, inicializando a array vacío
[30-Aug-2025 17:35:08 Europe/Berlin] [SistemaBots] Tableros recibidos: [1,2,3]
[30-Aug-2025 17:35:08 Europe/Berlin] [SistemaBots] Tablero seleccionado para Bot 2: {"bosque-semejanza":[{"id":"dino_brontosaurus_1756568028631_1520_2","tipo":"brontosaurus","slot":5,"imagen":"Recursos\/img\/dino3.png","jugadorColocado":2,"turnoColocado":2}],"trio-frondoso":[{"id":"dino_triceratops_1756568028631_3023_0","tipo":"triceratops","slot":3,"imagen":"Recursos\/img\/dino1.png","jugadorColocado":2,"turnoColocado":2}],"prado-diferencia":[{"id":"dino_pteranodon_1756568028631_7791_5","tipo":"pteranodon","slot":1,"imagen":"Recursos\/img\/dino6.png","jugadorColocado":2,"turnoColocado":2}],"pradera-amor":[],"isla-solitaria":[],"rey-selva":[{"id":"dino_velociraptor_1756568028631_7901_4","tipo":"velociraptor","slot":1,"imagen":"Recursos\/img\/dino5.png","jugadorColocado":2,"turnoColocado":2}],"dinos-rio":[]}
[30-Aug-2025 17:35:08 Europe/Berlin] [ValidadorTablero] obtenerSlotsValidos: tablero no existe o no es array, inicializando a array vacío
[30-Aug-2025 17:35:08 Europe/Berlin] [ValidadorTablero] obtenerSlotsValidos: tablero no existe o no es array, inicializando a array vacío
[30-Aug-2025 17:35:10 Europe/Berlin] [SistemaBots] Tableros recibidos: [1,2,3]
[30-Aug-2025 17:35:10 Europe/Berlin] [SistemaBots] Tablero seleccionado para Bot 3: {"bosque-semejanza":[{"id":"dino_velociraptor_1756568028631_6322_4","tipo":"velociraptor","slot":6,"imagen":"Recursos\/img\/dino5.png","jugadorColocado":3,"turnoColocado":3}],"trio-frondoso":[],"prado-diferencia":[{"id":"dino_brontosaurus_1756568028631_39_2","tipo":"brontosaurus","slot":6,"imagen":"Recursos\/img\/dino3.png","jugadorColocado":3,"turnoColocado":3}],"pradera-amor":[],"isla-solitaria":[],"rey-selva":[],"dinos-rio":[]}
[30-Aug-2025 17:35:10 Europe/Berlin] [ValidadorTablero] obtenerSlotsValidos: tablero no existe o no es array, inicializando a array vacío
[30-Aug-2025 17:35:10 Europe/Berlin] [ValidadorTablero] obtenerSlotsValidos: tablero no existe o no es array, inicializando a array vacío
[30-Aug-2025 17:35:19 Europe/Berlin] [SistemaBots] Tableros recibidos: [1,2,3]
[30-Aug-2025 17:35:19 Europe/Berlin] [SistemaBots] Tablero seleccionado para Bot 2: {"bosque-semejanza":[{"id":"dino_brontosaurus_1756568028631_1520_2","tipo":"brontosaurus","slot":5,"imagen":"Recursos\/img\/dino3.png","jugadorColocado":2,"turnoColocado":2}],"trio-frondoso":[{"id":"dino_triceratops_1756568028631_3023_0","tipo":"triceratops","slot":3,"imagen":"Recursos\/img\/dino1.png","jugadorColocado":2,"turnoColocado":2}],"prado-diferencia":[{"id":"dino_pteranodon_1756568028631_7791_5","tipo":"pteranodon","slot":1,"imagen":"Recursos\/img\/dino6.png","jugadorColocado":2,"turnoColocado":2}],"pradera-amor":[],"isla-solitaria":[],"rey-selva":[{"id":"dino_velociraptor_1756568028631_7901_4","tipo":"velociraptor","slot":1,"imagen":"Recursos\/img\/dino5.png","jugadorColocado":2,"turnoColocado":2}],"dinos-rio":[]}
[30-Aug-2025 17:35:19 Europe/Berlin] [ValidadorTablero] obtenerSlotsValidos: tablero no existe o no es array, inicializando a array vacío
[30-Aug-2025 17:35:19 Europe/Berlin] [ValidadorTablero] obtenerSlotsValidos: tablero no existe o no es array, inicializando a array vacío
[30-Aug-2025 17:35:22 Europe/Berlin] [SistemaBots] Tableros recibidos: [1,2,3]
[30-Aug-2025 17:35:22 Europe/Berlin] [SistemaBots] Tablero seleccionado para Bot 3: {"bosque-semejanza":[{"id":"dino_velociraptor_1756568028631_6322_4","tipo":"velociraptor","slot":6,"imagen":"Recursos\/img\/dino5.png","jugadorColocado":3,"turnoColocado":3}],"trio-frondoso":[],"prado-diferencia":[{"id":"dino_brontosaurus_1756568028631_39_2","tipo":"brontosaurus","slot":6,"imagen":"Recursos\/img\/dino3.png","jugadorColocado":3,"turnoColocado":3}],"pradera-amor":[],"isla-solitaria":[],"rey-selva":[],"dinos-rio":[]}
[30-Aug-2025 17:35:22 Europe/Berlin] [ValidadorTablero] obtenerSlotsValidos: tablero no existe o no es array, inicializando a array vacío
[30-Aug-2025 17:35:22 Europe/Berlin] [ValidadorTablero] obtenerSlotsValidos: tablero no existe o no es array, inicializando a array vacío
[30-Aug-2025 17:35:30 Europe/Berlin] [SistemaBots] Tableros recibidos: [1,2,3]
[30-Aug-2025 17:35:30 Europe/Berlin] [SistemaBots] Tablero seleccionado para Bot 3: {"bosque-semejanza":[{"id":"dino_velociraptor_1756568028631_6322_4","tipo":"velociraptor","slot":6,"imagen":"Recursos\/img\/dino5.png","jugadorColocado":3,"turnoColocado":3}],"trio-frondoso":[],"prado-diferencia":[{"id":"dino_brontosaurus_1756568028631_39_2","tipo":"brontosaurus","slot":6,"imagen":"Recursos\/img\/dino3.png","jugadorColocado":3,"turnoColocado":3}],"pradera-amor":[],"isla-solitaria":[],"rey-selva":[],"dinos-rio":[]}
[30-Aug-2025 17:35:30 Europe/Berlin] [ValidadorTablero] obtenerSlotsValidos: tablero no existe o no es array, inicializando a array vacío
[30-Aug-2025 17:35:30 Europe/Berlin] [ValidadorTablero] obtenerSlotsValidos: tablero no existe o no es array, inicializando a array vacío
